{
  "list": {
    "goals": [
      {
        "id": "GL-001",
        "kind": "goal",
        "title": "Stable board",
        "stage": "implement",
        "status": "running",
        "spend": 410,
        "envelope": 3000,
        "state": "running",
        "met": 1,
        "doneWhen": 3,
        "landed": 2,
        "cards": 4,
        "spent": 410
      }
    ]
  },
  "page": {
    "report": {
      "id": "GL-001",
      "title": "Stable board",
      "stage": "implement",
      "ready": false,
      "needs_budget": {},
      "needs_substrate": {},
      "needs_owner": {},
      "budget": {
        "envelope": 3000,
        "goal_spend": 0,
        "held_by_cards": 0,
        "card_spend": 0,
        "reserve": 0,
        "left_to_give": 0,
        "total_spend": 410
      },
      "lanes": 2,
      "done_when": [
        {
          "id": "DW-1",
          "says": "the board loads",
          "how": "check: go test ./...",
          "status": "met"
        }
      ],
      "cards": [
        {
          "id": "FD-004",
          "kind": "feature",
          "title": "Loader",
          "state": "landed",
          "stage": "done",
          "envelope": 600,
          "spent": 212
        }
      ]
    },
    "state": "running",
    "cards": [
      {
        "id": "FD-004",
        "kind": "feature",
        "title": "Loader",
        "stage": "done",
        "status": "done",
        "spend": 0,
        "envelope": 0,
        "goal": {
          "id": "GL-001",
          "title": "Stable board"
        }
      }
    ],
    "log": [
      {
        "seq": 7,
        "at": "2026-09-27T09:12:00Z",
        "action": "decision",
        "ref": "D-1",
        "detail": "cache the rows",
        "by": "lead"
      }
    ],
    "notebook": {
      "references": [
        {
          "name": "prd.md"
        }
      ],
      "findings": [
        {
          "ref": "F-1",
          "claim": "rows load in 40ms",
          "card": "FD-004",
          "status": "holds"
        }
      ]
    },
    "actions": [
      {
        "id": "note",
        "label": "note to the lead",
        "needs": "message"
      },
      {
        "id": "reverse",
        "label": "reverse a decision",
        "needs": "decision"
      },
      {
        "id": "budget",
        "label": "raise the budget",
        "key": "u",
        "needs": "number",
        "default": "3000"
      }
    ]
  },
  "create": {
    "description": "Make the board stable",
    "envelope": 3000,
    "after": "GL-000",
    "references": [
      "docs/prd.md"
    ],
    "autopilot": true
  },
  "action": {
    "text": "focus on the loader",
    "ref": "D-1",
    "why": "too slow"
  },
  "done": {
    "ok": true,
    "text": "GL-001 created",
    "id": "GL-001"
  }
}
