{
  "list": {
    "source": "github",
    "proposals": [
      {
        "ref": "https://github.com/o/r/issues/7",
        "number": 7,
        "title": "Crash on empty board",
        "severity": "high",
        "state": "open",
        "labels": [
          "bug"
        ],
        "author": "octo"
      }
    ],
    "skipped": [
      {
        "ref": "https://github.com/o/r/issues/3",
        "card": "BG-001",
        "title": "Old crash"
      }
    ]
  },
  "request": {
    "repo": "o/r",
    "label": "bug",
    "limit": 80,
    "refs": [
      "https://github.com/o/r/issues/7"
    ]
  },
  "created": {
    "created": [
      {
        "id": "BG-002",
        "title": "Crash on empty board",
        "stage": "todo"
      }
    ]
  }
}
