{
  "request": {
    "markdown": "# PRD\n",
    "name": "prd.md",
    "profile": "balanced"
  },
  "run": {
    "id": "1",
    "state": "review",
    "steps": [
      {
        "kind": "note",
        "text": "architect reading prd.md"
      },
      {
        "kind": "tool",
        "text": "read prd.md"
      }
    ],
    "source": ".gummi/ingest/prd.md",
    "profile": "balanced",
    "envelope": 2000,
    "proposals": [
      {
        "index": 0,
        "kind": "feature",
        "title": "Loader",
        "oneLiner": "load rows",
        "sourceRefs": [
          "§2"
        ],
        "openQuestions": [
          "cache?"
        ]
      }
    ],
    "coverage": {
      "mapped": 3,
      "outOfScope": 1,
      "unmapped": 1
    },
    "unmapped": [
      "offline mode — not covered"
    ],
    "created": [
      {
        "id": "FD-020",
        "title": "Loader",
        "stage": "todo"
      }
    ]
  },
  "edit": {
    "index": 0,
    "op": "rename",
    "title": "Row loader"
  }
}
