{
  "open": true,
  "profile": "balanced",
  "model": "gpt-5",
  "backend": "copilot",
  "profiles": [
    {
      "name": "balanced",
      "backend": "copilot",
      "model": "gpt-5"
    }
  ],
  "models": [
    {
      "model": "gpt-5",
      "uses": [
        "balanced · architect"
      ]
    }
  ],
  "items": [
    {
      "key": "b0",
      "seq": 1,
      "t": "you",
      "time": "2026-09-27T09:12:00Z",
      "text": "what is stuck?"
    },
    {
      "key": "b1",
      "seq": 3,
      "t": "tools",
      "time": "2026-09-27T09:12:00Z",
      "tools": [
        {
          "tool": "list_cards",
          "label": "list_cards",
          "status": "ok",
          "ms": 12
        }
      ]
    }
  ],
  "live": {
    "busy": true,
    "streaming": "FD-012 is waiting on",
    "spent": 0.4,
    "state": "running"
  },
  "context": {
    "tokens": 12000,
    "limit": 200000
  }
}
